I'm sorry, but errors were detected in your script. Please correct the
errors listed below, and try again.


File "game/script.rpy", line 65: end of line expected.
    show game/images/Space BG.png at right
                           ^

Ren'Py Version: Ren'Py 8.1.1.23060707
Tue Sep  5 04:02:00 2023
